// Vitest Snapshot v1, https://vitest.dev/guide/snapshot.html

exports[`Button > renders correctly 1`] = `
<div>
  <button
    class="css-1fo8x6t"
  >
    Test Button
  </button>
</div>
`;
