(SystemMessage(content='System message'), AIMessage(content='OK'))
[AIMessage(content='Test 1'), HumanMessage(content='Test 2'), SystemMessage(content='Test 3')]
