// Vitest Snapshot v1, https://vitest.dev/guide/snapshot.html

exports[`SearchBar > renders correctly 1`] = `
<div>
  <div>
    <div
      class="mt-2 space-x-1 py-1 pl-1.5 flex text-base items-center rounded ring-1 text-gray-900 ring-inset ring-gray-200 placeholder:text-gray-400"
    >
      <input
        autocomplete="off"
        class="overflow-ellipsis w-full !border-0 !p-0 focus:!ring-0 !ml-1"
        id="search"
        name="search"
        type="text"
      />
      <div
        class="inset-y-0 right-0 flex py-1.5 pr-1.5 hover:cursor-pointer"
      >
        <kbd
          class="inline-flex items-center rounded border border-gray-200 px-1 py-0.5 font-sans text-sm text-gray-400"
        >
          Enter
        </kbd>
      </div>
    </div>
  </div>
</div>
`;
