// Vitest Snapshot v1, https://vitest.dev/guide/snapshot.html

exports[`HeadersTable > renders without crashing 1`] = `
<div>
  <table
    class="divide-y"
  >
    <tbody
      class="divide-y divide-gray-200 bg-white"
    >
      <tr>
        <td
          class="whitespace-nowrap py-1 pl-4 pr-3 text-sm text-gray-500 sm:pl-0"
        >
          Test Header
        </td>
        <td
          class="whitespace-nowrap px-2 py-1 text-sm text-gray-900"
        >
          Test Value
        </td>
      </tr>
    </tbody>
  </table>
</div>
`;
