// Vitest Snapshot v1, https://vitest.dev/guide/snapshot.html

exports[`ButtonGroup > renders correctly 1`] = `
<div>
  <span
    class="isolate inline-flex rounded-md shadow-sm"
  >
    <button
      class="css-v7wx26"
      type="button"
    >
      Button 1
    </button>
    <button
      class="css-1gwafep"
      type="button"
    >
      Button 2
    </button>
    <button
      class="css-1gwafep"
      type="button"
    >
      Button 3
    </button>
  </span>
</div>
`;
