(SystemMessage(content='System message'), AIMessage(content='OK'))
[HumanMessage(content='Test 1'), AIMessage(content='OK 1'), HumanMessage(content='Test 2'), AIMessage(content='OK 2'), HumanMessage(content='Test 3'), AIMessage(content='OK 3')]
[ChatResponse(message=AIMessage(content='OK 1'), total_tokens=15, finish_reason=<FinishReason.stop: 1>), ChatResponse(message=AIMessage(content='OK 2'), total_tokens=23, finish_reason=<FinishReason.stop: 1>), ChatResponse(message=AIMessage(content='OK 3'), total_tokens=31, finish_reason=<FinishReason.stop: 1>)]
