// Vitest Snapshot v1, https://vitest.dev/guide/snapshot.html

exports[`Badge > renders correctly 1`] = `
<div>
  <span
    class="css-pnlnkr"
    color="green"
  >
    Test Badge
  </span>
</div>
`;
