// Vitest Snapshot v1, https://vitest.dev/guide/snapshot.html

exports[`Paginator > renders correctly 1`] = `
<div>
  <div
    class="flex items-center justify-between border-gray-200 bg-white px-4 py-3 sm:px-6"
  >
    <div
      class="flex flex-1 justify-between sm:hidden"
    >
      <a
        class="relative inline-flex items-center rounded-md border border-gray-300 bg-white px-4 py-2 text-sm font-medium text-gray-700 hover:bg-gray-50"
        href="#"
      >
        Previous
      </a>
      <a
        class="relative ml-3 inline-flex items-center rounded-md border border-gray-300 bg-white px-4 py-2 text-sm font-medium text-gray-700 hover:bg-gray-50"
        href="#"
      >
        Next
      </a>
    </div>
    <div
      class="hidden sm:flex sm:flex-1 sm:items-center sm:justify-between"
    >
      <div
        class=""
      >
        <p
          class="text-sm text-gray-700"
        >
          Showing 
          <span
            class="font-medium"
          >
            1
          </span>
           to
           
          <span
            class="font-medium"
          >
            20
          </span>
        </p>
      </div>
      <div>
        <nav
          aria-label="Pagination"
          class="isolate inline-flex -space-x-px rounded-md shadow-sm"
        >
          <a
            class="relative inline-flex items-center rounded-l-md px-2 py-2 text-gray-400 ring-1 ring-inset ring-gray-300 hover:bg-gray-50 focus:z-20 focus:outline-offset-0"
            href="#"
          >
            <span
              class="sr-only"
            >
              Previous
            </span>
            <svg
              aria-hidden="true"
              class="h-5 w-5"
              data-slot="icon"
              fill="currentColor"
              viewBox="0 0 20 20"
              xmlns="http://www.w3.org/2000/svg"
            >
              <path
                clip-rule="evenodd"
                d="M11.78 5.22a.75.75 0 0 1 0 1.06L8.06 10l3.72 3.72a.75.75 0 1 1-1.06 1.06l-4.25-4.25a.75.75 0 0 1 0-1.06l4.25-4.25a.75.75 0 0 1 1.06 0Z"
                fill-rule="evenodd"
              />
            </svg>
          </a>
          <a
            aria-current="page"
            class="relative z-10 inline-flex items-center bg-primary-600 px-4 py-2 text-sm font-semibold text-white focus:z-20 focus-visible:outline focus-visible:outline-2 focus-visible:outline-offset-2 focus-visible:outline-primary-600"
            href="#"
          >
            1
          </a>
          <a
            class="relative inline-flex items-center px-4 py-2 text-sm font-semibold text-gray-900 ring-1 ring-inset ring-gray-300 hover:bg-gray-50 focus:z-20 focus:outline-offset-0"
            href="#"
          >
            2
          </a>
          <a
            class="relative inline-flex items-center px-4 py-2 text-sm font-semibold text-gray-900 ring-1 ring-inset ring-gray-300 hover:bg-gray-50 focus:z-20 focus:outline-offset-0"
            href="#"
          >
            3
          </a>
          <a
            class="relative inline-flex items-center px-4 py-2 text-sm font-semibold text-gray-900 ring-1 ring-inset ring-gray-300 hover:bg-gray-50 focus:z-20 focus:outline-offset-0"
            href="#"
          >
            4
          </a>
          <a
            class="relative inline-flex items-center px-4 py-2 text-sm font-semibold text-gray-900 ring-1 ring-inset ring-gray-300 hover:bg-gray-50 focus:z-20 focus:outline-offset-0"
            href="#"
          >
            5
          </a>
          <span
            class="relative inline-flex items-center px-4 py-2 text-sm font-semibold text-gray-700 ring-1 ring-inset ring-gray-300 focus:outline-offset-0"
          >
            ...
          </span>
          <a
            class="relative inline-flex items-center px-4 py-2 text-sm font-semibold text-gray-900 ring-1 ring-inset ring-gray-300 hover:bg-gray-50 focus:z-20 focus:outline-offset-0"
            href="#"
          >
            50
          </a>
          <a
            class="relative inline-flex items-center rounded-r-md px-2 py-2 text-gray-400 ring-1 ring-inset ring-gray-300 hover:bg-gray-50 focus:z-20 focus:outline-offset-0"
            href="#"
          >
            <span
              class="sr-only"
            >
              Next
            </span>
            <svg
              aria-hidden="true"
              class="h-5 w-5"
              data-slot="icon"
              fill="currentColor"
              viewBox="0 0 20 20"
              xmlns="http://www.w3.org/2000/svg"
            >
              <path
                clip-rule="evenodd"
                d="M8.22 5.22a.75.75 0 0 1 1.06 0l4.25 4.25a.75.75 0 0 1 0 1.06l-4.25 4.25a.75.75 0 0 1-1.06-1.06L11.94 10 8.22 6.28a.75.75 0 0 1 0-1.06Z"
                fill-rule="evenodd"
              />
            </svg>
          </a>
        </nav>
      </div>
    </div>
  </div>
</div>
`;
