// Vitest Snapshot v1, https://vitest.dev/guide/snapshot.html

exports[`renders the title and data when the query is successful 1`] = `
<div>
  <button
    aria-hidden="true"
    style="position: fixed; top: 1px; left: 1px; width: 1px; height: 0px; padding: 0px; margin: -1px; overflow: hidden; clip: rect(0px, 0px, 0px, 0px); white-space: nowrap; border-width: 0px;"
    type="button"
  />
  <div
    class="css-hu3rmt"
    data-headlessui-state="selected"
    id="headlessui-tabs-panel-:r0:"
    role="tabpanel"
    tabindex="0"
  >
    <div
      class="css-14upriz"
    >
      <h2
        class="css-13yts7e"
      >
        Topology
      </h2>
      <svg
        class="container"
        viewBox="0 0 700 250"
      >
        <defs>
          <marker
            id="arrow"
            markerHeight="10"
            markerUnits="strokeWidth"
            markerWidth="10"
            orient="auto"
            refX="0"
            refY="3"
          >
            <path
              d="M0,0 L0,6 L9,3 z"
              fill="#000"
            />
          </marker>
        </defs>
        <rect
          fill="lightblue"
          height="50"
          width="100"
          x="50"
          y="100"
        />
        <text
          dominant-baseline="middle"
          fill="black"
          text-anchor="middle"
          x="100"
          y="125"
        >
          Localhost
        </text>
        <rect
          fill="lightblue"
          height="170"
          width="150"
          x="250"
          y="50"
        />
        <text
          fill="black"
          x="300"
          y="125"
        >
          HARP
        </text>
        <line
          marker-end="url(#arrow)"
          stroke="black"
          x1="150"
          x2="240"
          y1="125"
          y2="125"
        />
        <g>
          <rect
            fill="lightblue"
            height="50"
            width="92"
            x="500"
            y="60"
          />
          <text
            dominant-baseline="middle"
            fill="black"
            text-anchor="middle"
            x="546"
            y="90"
          >
            endpoint1
          </text>
          <line
            marker-end="url(#arrow)"
            stroke="black"
            x1="400"
            x2="490"
            y1="85"
            y2="85"
          />
        </g>
        <g>
          <rect
            fill="lightblue"
            height="50"
            width="92"
            x="500"
            y="160"
          />
          <text
            dominant-baseline="middle"
            fill="black"
            text-anchor="middle"
            x="546"
            y="190"
          >
            endpoint2
          </text>
          <line
            marker-end="url(#arrow)"
            stroke="black"
            x1="400"
            x2="490"
            y1="185"
            y2="185"
          />
        </g>
      </svg>
    </div>
  </div>
</div>
`;
