// Vitest Snapshot v1, https://vitest.dev/guide/snapshot.html

exports[`renders well when the query is successful 1`] = `
<div>
  <main>
    <div
      class="mt-4 mb-4"
    >
      <h1
        class="css-9lrcch"
      >
        Transactions
      </h1>
      <p
        class="css-11bp3eh"
      >
        Explore transactions that went through the proxy
      </p>
    </div>
    <div
      class="mt-4"
    >
      <div
        class="overflow-x-auto sm:-mx-6 lg:-mx-8"
      >
        <section
          class="inline-block min-w-full max-w-full py-2 align-middle sm:px-6 lg:px-8"
        >
          <div
            class="w-full grid grid-cols-1 grid-rows-1 items-start gap-x-8 gap-y-8 lg:mx-0 lg:max-w-none lg:grid-cols-5"
          >
            <div
              class="row-end-1 col-start-2 col-span-4"
            >
              <table
                class="css-1w1sink"
              >
                <thead>
                  <tr>
                    <th
                      class="w-1 css-1dlftgi"
                      scope="col"
                    />
                    <th
                      class=" css-1dlftgi"
                      scope="col"
                    >
                      Request
                    </th>
                    <th
                      class=" css-1dlftgi"
                      scope="col"
                    >
                      Response
                    </th>
                    <th
                      class=" css-1dlftgi"
                      scope="col"
                    >
                      Duration
                    </th>
                    <th
                      class=" css-1dlftgi"
                      scope="col"
                    >
                      Date
                    </th>
                  </tr>
                </thead>
                <tbody
                  class="divide-y divide-gray-200 bg-white"
                >
                  <tr
                    class="hover:bg-slate-50 cursor-pointer"
                  >
                    <td
                      class=" css-157hpf5"
                    >
                      <svg
                        aria-hidden="true"
                        class="size-5 text-gray-300 hover:text-yellow-500"
                        data-slot="icon"
                        fill="none"
                        stroke="currentColor"
                        stroke-width="1.5"
                        viewBox="0 0 24 24"
                        xmlns="http://www.w3.org/2000/svg"
                      >
                        <path
                          d="M11.48 3.499a.562.562 0 0 1 1.04 0l2.125 5.111a.563.563 0 0 0 .475.345l5.518.442c.499.04.701.663.321.988l-4.204 3.602a.563.563 0 0 0-.182.557l1.285 5.385a.562.562 0 0 1-.84.61l-4.725-2.885a.562.562 0 0 0-.586 0L6.982 20.54a.562.562 0 0 1-.84-.61l1.285-5.386a.562.562 0 0 0-.182-.557l-4.204-3.602a.562.562 0 0 1 .321-.988l5.518-.442a.563.563 0 0 0 .475-.345L11.48 3.5Z"
                          stroke-linecap="round"
                          stroke-linejoin="round"
                        />
                      </svg>
                    </td>
                    <td
                      class=" css-157hpf5"
                    >
                      <h1
                        class="css-10tyzev"
                      >
                        <div
                          class="flex items-center"
                        >
                          <span
                            class="inline-flex items-center bg-gray-50 px-1 mr-2 py-0.5 text-xs font-medium text-gray-700 ring-1 ring-inset ring-gray-600/20"
                          >
                            endpoint1
                          </span>
                          <span
                            class="flex h-4 w-4 flex-shrink-0 items-center justify-center rounded-full bg-gray-100 mr-1"
                          >
                            <svg
                              aria-hidden="true"
                              class="h-3 w-3 text-gray-500"
                              data-slot="icon"
                              fill="none"
                              stroke="currentColor"
                              stroke-width="1.5"
                              viewBox="0 0 24 24"
                              xmlns="http://www.w3.org/2000/svg"
                            >
                              <path
                                d="M13.5 4.5 21 12m0 0-7.5 7.5M21 12H3"
                                stroke-linecap="round"
                                stroke-linejoin="round"
                              />
                            </svg>
                          </span>
                          <span
                            class="css-pnlnkr"
                            color="green"
                          >
                            GET
                          </span>
                          <span
                            class="mx-1"
                          >
                            /
                          </span>
                        </div>
                      </h1>
                    </td>
                    <td
                      class=" css-157hpf5"
                    >
                      <h1
                        class="css-10tyzev"
                      >
                        <div
                          class="flex items-center"
                        >
                          <span
                            class="flex h-4 w-4 flex-shrink-0 items-center justify-center rounded-full bg-gray-100 mr-1"
                          >
                            <svg
                              aria-hidden="true"
                              class="h-3 w-3 text-gray-500"
                              data-slot="icon"
                              fill="none"
                              stroke="currentColor"
                              stroke-width="1.5"
                              viewBox="0 0 24 24"
                              xmlns="http://www.w3.org/2000/svg"
                            >
                              <path
                                d="M10.5 19.5 3 12m0 0 7.5-7.5M3 12h18"
                                stroke-linecap="round"
                                stroke-linejoin="round"
                              />
                            </svg>
                          </span>
                          <span
                            class="css-pnlnkr"
                            color="green"
                          >
                            200
                             
                            OK
                          </span>
                        </div>
                      </h1>
                    </td>
                    <td
                      class=" css-157hpf5"
                    >
                      <div>
                        <span
                          class="px-1 py-0.5 text-white font-semibold bg-green-500"
                        >
                          A
                        </span>
                         
                        0.06 seconds
                         
                      </div>
                    </td>
                    <td
                      class=" css-157hpf5"
                    >
                      <div
                        title="2021-08-20T20:00:00Z"
                      >
                        over 2 years ago
                      </div>
                    </td>
                  </tr>
                  <tr
                    class="hover:bg-slate-50 cursor-pointer"
                  >
                    <td
                      class=" css-157hpf5"
                    >
                      <svg
                        aria-hidden="true"
                        class="size-5 text-gray-300 hover:text-yellow-500"
                        data-slot="icon"
                        fill="none"
                        stroke="currentColor"
                        stroke-width="1.5"
                        viewBox="0 0 24 24"
                        xmlns="http://www.w3.org/2000/svg"
                      >
                        <path
                          d="M11.48 3.499a.562.562 0 0 1 1.04 0l2.125 5.111a.563.563 0 0 0 .475.345l5.518.442c.499.04.701.663.321.988l-4.204 3.602a.563.563 0 0 0-.182.557l1.285 5.385a.562.562 0 0 1-.84.61l-4.725-2.885a.562.562 0 0 0-.586 0L6.982 20.54a.562.562 0 0 1-.84-.61l1.285-5.386a.562.562 0 0 0-.182-.557l-4.204-3.602a.562.562 0 0 1 .321-.988l5.518-.442a.563.563 0 0 0 .475-.345L11.48 3.5Z"
                          stroke-linecap="round"
                          stroke-linejoin="round"
                        />
                      </svg>
                    </td>
                    <td
                      class=" css-157hpf5"
                    >
                      <h1
                        class="css-10tyzev"
                      >
                        <div
                          class="flex items-center"
                        >
                          <span
                            class="inline-flex items-center bg-gray-50 px-1 mr-2 py-0.5 text-xs font-medium text-gray-700 ring-1 ring-inset ring-gray-600/20"
                          >
                            endpoint1
                          </span>
                          <span
                            class="flex h-4 w-4 flex-shrink-0 items-center justify-center rounded-full bg-gray-100 mr-1"
                          >
                            <svg
                              aria-hidden="true"
                              class="h-3 w-3 text-gray-500"
                              data-slot="icon"
                              fill="none"
                              stroke="currentColor"
                              stroke-width="1.5"
                              viewBox="0 0 24 24"
                              xmlns="http://www.w3.org/2000/svg"
                            >
                              <path
                                d="M13.5 4.5 21 12m0 0-7.5 7.5M21 12H3"
                                stroke-linecap="round"
                                stroke-linejoin="round"
                              />
                            </svg>
                          </span>
                          <span
                            class="css-pnlnkr"
                            color="green"
                          >
                            GET
                          </span>
                          <span
                            class="mx-1"
                          >
                            /
                          </span>
                        </div>
                      </h1>
                    </td>
                    <td
                      class=" css-157hpf5"
                    >
                      <h1
                        class="css-10tyzev"
                      >
                        <div
                          class="flex items-center"
                        >
                          <span
                            class="flex h-4 w-4 flex-shrink-0 items-center justify-center rounded-full bg-gray-100 mr-1"
                          >
                            <svg
                              aria-hidden="true"
                              class="h-3 w-3 text-gray-500"
                              data-slot="icon"
                              fill="none"
                              stroke="currentColor"
                              stroke-width="1.5"
                              viewBox="0 0 24 24"
                              xmlns="http://www.w3.org/2000/svg"
                            >
                              <path
                                d="M10.5 19.5 3 12m0 0 7.5-7.5M3 12h18"
                                stroke-linecap="round"
                                stroke-linejoin="round"
                              />
                            </svg>
                          </span>
                          <span
                            class="css-pnlnkr"
                            color="green"
                          >
                            200
                             
                            OK
                          </span>
                        </div>
                      </h1>
                    </td>
                    <td
                      class=" css-157hpf5"
                    >
                      <div>
                        <span
                          class="px-1 py-0.5 text-white font-semibold bg-teal-400"
                        >
                          A++
                        </span>
                         
                        0.025 seconds
                         
                      </div>
                    </td>
                    <td
                      class=" css-157hpf5"
                    >
                      <div
                        title="2021-08-20T20:00:00Z"
                      >
                        over 2 years ago
                      </div>
                    </td>
                  </tr>
                </tbody>
              </table>
            </div>
            <div
              class="col-start-1 col-span-1"
            >
              <aside
                class="divide-y divide-gray-100 overflow-hidden text-gray-900 sm:text-sm css-o0j4j7"
              />
            </div>
          </div>
        </section>
      </div>
    </div>
  </main>
</div>
`;
