// Vitest Snapshot v1, https://vitest.dev/guide/snapshot.html

exports[`renders well when the query is successful 1`] = `
<div>
  <main>
    <div
      class="mt-4 flex"
    >
      <div
        class="flex flex-col"
      >
        <h1
          class="css-9lrcch"
        >
          Transactions
        </h1>
        <p
          class="css-11bp3eh"
        >
          Explore transactions that went through the proxy
        </p>
      </div>
      <div
        class="flex flex-col ml-24 w-full items-end lg:items-start justify-end lg:justify-between lg:flex-row lg:mt-12"
      >
        <div
          class="w-96 order-last lg:order-first pr-6"
        >
          <div
            class="mt-2 space-x-1 py-1 pl-1.5 flex text-base items-center rounded ring-1 text-gray-900 ring-inset ring-gray-200 placeholder:text-gray-400"
          >
            <input
              autocomplete="off"
              class="overflow-ellipsis w-full !border-0 !p-0 focus:!ring-0 !ml-1"
              id="search"
              name="search"
              placeholder="Search transactions"
              type="text"
            />
            <div
              class="inset-y-0 right-0 flex py-1.5 pr-1.5 hover:cursor-pointer"
            >
              <kbd
                class="inline-flex items-center rounded border border-gray-200 px-1 py-0.5 font-sans text-sm text-gray-400"
              >
                Enter
              </kbd>
            </div>
          </div>
        </div>
      </div>
    </div>
    <div
      class="mt-4"
    >
      <div
        class="sm:-mx-6 lg:-mx-8"
      >
        <section
          class="inline-block min-w-full max-w-full py-2 align-middle sm:px-6 lg:px-8"
        >
          <div
            class="flex w-full items-start gap-x-8 relative"
          >
            <aside
              class="sticky top-8 hidden w-1/5 min-w-40 max-w-60 2xl:min-w-52 2xl:max-w-72 shrink-0 lg:block"
            >
              <div
                class="text-right"
              >
                <button
                  class="text-gray-400 mx-1 font-medium text-xs"
                >
                  <svg
                    aria-hidden="true"
                    class="h-3 w-3 inline-block"
                    data-slot="icon"
                    fill="currentColor"
                    viewBox="0 0 16 16"
                    xmlns="http://www.w3.org/2000/svg"
                  >
                    <path
                      clip-rule="evenodd"
                      d="M3.22 7.595a.75.75 0 0 0 0 1.06l3.25 3.25a.75.75 0 0 0 1.06-1.06l-2.72-2.72 2.72-2.72a.75.75 0 0 0-1.06-1.06l-3.25 3.25Zm8.25-3.25-3.25 3.25a.75.75 0 0 0 0 1.06l3.25 3.25a.75.75 0 1 0 1.06-1.06l-2.72-2.72 2.72-2.72a.75.75 0 0 0-1.06-1.06Z"
                      fill-rule="evenodd"
                    />
                  </svg>
                   hide
                </button>
              </div>
              <div
                class="divide-y divide-gray-100 overflow-hidden text-gray-900 sm:text-sm css-o0j4j7"
              />
            </aside>
            <main
              class="flex-1 overflow-auto"
            >
              <table
                class="css-1w1sink"
              >
                <thead>
                  <tr>
                    <th
                      class="w-1 css-1dlftgi"
                      scope="col"
                    />
                    <th
                      class=" css-1dlftgi"
                      scope="col"
                    >
                      Request
                    </th>
                    <th
                      class=" css-1dlftgi"
                      scope="col"
                    >
                      Response
                    </th>
                    <th
                      class=" css-1dlftgi"
                      scope="col"
                    >
                      Duration
                    </th>
                    <th
                      class=" css-1dlftgi"
                      scope="col"
                    >
                      Date
                    </th>
                  </tr>
                </thead>
                <tbody
                  class="divide-y divide-gray-200 bg-white"
                >
                  <tr
                    class="hover:bg-slate-50 cursor-pointer"
                  >
                    <td
                      class=" css-157hpf5"
                    >
                      <svg
                        aria-hidden="true"
                        class="size-5 text-gray-300 hover:text-yellow-500"
                        data-slot="icon"
                        fill="none"
                        stroke="currentColor"
                        stroke-width="1.5"
                        viewBox="0 0 24 24"
                        xmlns="http://www.w3.org/2000/svg"
                      >
                        <path
                          d="M11.48 3.499a.562.562 0 0 1 1.04 0l2.125 5.111a.563.563 0 0 0 .475.345l5.518.442c.499.04.701.663.321.988l-4.204 3.602a.563.563 0 0 0-.182.557l1.285 5.385a.562.562 0 0 1-.84.61l-4.725-2.885a.562.562 0 0 0-.586 0L6.982 20.54a.562.562 0 0 1-.84-.61l1.285-5.386a.562.562 0 0 0-.182-.557l-4.204-3.602a.562.562 0 0 1 .321-.988l5.518-.442a.563.563 0 0 0 .475-.345L11.48 3.5Z"
                          stroke-linecap="round"
                          stroke-linejoin="round"
                        />
                      </svg>
                    </td>
                    <td
                      class=" css-157hpf5"
                    >
                      <span
                        class="font-normal"
                      >
                        <span
                          class="css-pnlnkr"
                          color="green"
                        >
                          GET
                        </span>
                        <span
                          class="inline-flex items-center bg-gray-50 px-1 ml-2 py-0.5 text-xs font-medium text-gray-700 ring-1 ring-inset ring-gray-600/20"
                        >
                          endpoint1
                        </span>
                        <span
                          class="text-gray-500 font-mono text-xs"
                        >
                          /
                        </span>
                      </span>
                    </td>
                    <td
                      class=" css-157hpf5"
                    >
                      <span
                        class="font-normal"
                      >
                        <span
                          class="css-pnlnkr"
                          color="green"
                        >
                          200
                           
                          OK
                        </span>
                      </span>
                    </td>
                    <td
                      class=" css-157hpf5"
                    >
                      <div>
                         
                        0.06 seconds
                      </div>
                    </td>
                    <td
                      class=" css-157hpf5"
                    >
                      <div
                        title="2021-08-20T20:00:00Z"
                      >
                        over 2 years ago
                      </div>
                    </td>
                  </tr>
                  <tr
                    class="hover:bg-slate-50 cursor-pointer"
                  >
                    <td
                      class=" css-157hpf5"
                    >
                      <svg
                        aria-hidden="true"
                        class="size-5 text-gray-300 hover:text-yellow-500"
                        data-slot="icon"
                        fill="none"
                        stroke="currentColor"
                        stroke-width="1.5"
                        viewBox="0 0 24 24"
                        xmlns="http://www.w3.org/2000/svg"
                      >
                        <path
                          d="M11.48 3.499a.562.562 0 0 1 1.04 0l2.125 5.111a.563.563 0 0 0 .475.345l5.518.442c.499.04.701.663.321.988l-4.204 3.602a.563.563 0 0 0-.182.557l1.285 5.385a.562.562 0 0 1-.84.61l-4.725-2.885a.562.562 0 0 0-.586 0L6.982 20.54a.562.562 0 0 1-.84-.61l1.285-5.386a.562.562 0 0 0-.182-.557l-4.204-3.602a.562.562 0 0 1 .321-.988l5.518-.442a.563.563 0 0 0 .475-.345L11.48 3.5Z"
                          stroke-linecap="round"
                          stroke-linejoin="round"
                        />
                      </svg>
                    </td>
                    <td
                      class=" css-157hpf5"
                    >
                      <span
                        class="font-normal"
                      >
                        <span
                          class="css-pnlnkr"
                          color="green"
                        >
                          GET
                        </span>
                        <span
                          class="inline-flex items-center bg-gray-50 px-1 ml-2 py-0.5 text-xs font-medium text-gray-700 ring-1 ring-inset ring-gray-600/20"
                        >
                          endpoint1
                        </span>
                        <span
                          class="text-gray-500 font-mono text-xs"
                        >
                          /
                        </span>
                      </span>
                    </td>
                    <td
                      class=" css-157hpf5"
                    >
                      <span
                        class="font-normal"
                      >
                        <span
                          class="css-pnlnkr"
                          color="green"
                        >
                          200
                           
                          OK
                        </span>
                      </span>
                    </td>
                    <td
                      class=" css-157hpf5"
                    >
                      <div>
                         
                        0.025 seconds
                      </div>
                    </td>
                    <td
                      class=" css-157hpf5"
                    >
                      <div
                        title="2021-08-20T20:00:00Z"
                      >
                        over 2 years ago
                      </div>
                    </td>
                  </tr>
                </tbody>
              </table>
            </main>
          </div>
        </section>
      </div>
    </div>
  </main>
</div>
`;
