// Vitest Snapshot v1, https://vitest.dev/guide/snapshot.html

exports[`Navbar > renders correctly 1`] = `
<div>
  <nav
    class="css-orfs66"
    data-headlessui-state=""
  >
    <div
      class="css-f01hpo"
    >
      <div
        class="relative flex h-14 justify-between"
      >
        <div
          class="absolute inset-y-0 left-0 flex items-center sm:hidden"
        >
          <button
            aria-expanded="false"
            class="relative inline-flex items-center justify-center rounded-md p-2 text-gray-400 hover:bg-gray-100 hover:text-gray-500 focus:outline-none focus:ring-2 focus:ring-inset focus:ring-primary"
            data-headlessui-state=""
            id="headlessui-disclosure-button-:r0:"
            type="button"
          >
            <span
              class="absolute -inset-0.5"
            />
            <span
              class="sr-only"
            >
              Open main menu
            </span>
            <svg
              aria-hidden="true"
              class="block h-6 w-6"
              data-slot="icon"
              fill="none"
              stroke="currentColor"
              stroke-width="1.5"
              viewBox="0 0 24 24"
              xmlns="http://www.w3.org/2000/svg"
            >
              <path
                d="M3.75 6.75h16.5M3.75 12h16.5m-16.5 5.25h16.5"
                stroke-linecap="round"
                stroke-linejoin="round"
              />
            </svg>
          </button>
        </div>
        <div
          class="flex flex-1 items-center justify-center sm:items-stretch sm:justify-start"
        >
          <div
            class="flex flex-shrink-0 items-center p-2"
          >
            <a
              class="css-4g6ai3"
              to="/"
            >
              <img
                alt="User Interface"
                class="h-8 w-auto"
                src="/src/ui/Components/Navbar/Assets/logo.svg"
              />
            </a>
          </div>
          <div
            class="hidden sm:ml-6 sm:flex sm:space-x-8"
          >
            <a
              class="inline-flex items-center border-b-4 px-2 pt-1 text-sm font-medium text-white border-primary css-4g6ai3"
              to="/"
            >
              Home
            </a>
          </div>
        </div>
      </div>
    </div>
  </nav>
</div>
`;
